error[E0277]: the trait bound `bitfield::checks::SevenMod8: bitfield::checks::TotalSizeIsMultipleOfEightBits` is not satisfied
  --> tests/04-multiple-of-8bits.rs:53:1
   |
53 | #[bitfield]
   | ^^^^^^^^^^^ the trait `bitfield::checks::TotalSizeIsMultipleOfEightBits` is not implemented for `bitfield::checks::SevenMod8`
   |
   = help: the trait `bitfield::checks::TotalSizeIsMultipleOfEightBits` is implemented for `bitfield::checks::ZeroMod8`
   = note: this error originates in the macro `require_multiple_of_eight` which comes from the expansion of the attribute macro `bitfield` (in Nightly builds, run with -Z macro-backtrace for more info)
